
> front-recouvra@0.0.0 start
> ng serve --port 4201 --host 127.0.0.1

[33m>[39m Building...
[32m√[39m Building...
[1mInitial chunk files[22m[2m | [22m[1mNames[22m               [2m | [22m [1mRaw size[22m
[32mmain.js[39m            [2m | [22m[2mmain[22m                [2m | [22m [36m23.16 kB[39m[2m | [22m
[32mchunk-ESLAC557.js[39m  [2m | [22m[2m-[22m                   [2m | [22m  [36m6.31 kB[39m[2m | [22m
[32mchunk-UMMI3Z5S.js[39m  [2m | [22m[2m-[22m                   [2m | [22m  [36m1.66 kB[39m[2m | [22m
[32mstyles.css[39m         [2m | [22m[2mstyles[22m              [2m | [22m[36m453 bytes[39m[2m | [22m

[1m [22m                  [2m | [22m[1mInitial total[22m       [2m | [22m [1m31.59 kB[22m

[1mLazy chunk files[22m   [2m | [22m[1mNames[22m               [2m | [22m [1mRaw size[22m
[32mchunk-RGOPUJ74.js[39m  [2m | [22m[2morchestrateuruser[22m   [2m | [22m [36m62.41 kB[39m[2m | [22m
[32mchunk-NSVBVG26.js[39m  [2m | [22m[2morchestrateurinvoice[22m[2m | [22m [36m59.26 kB[39m[2m | [22m
[32mchunk-A33SODUY.js[39m  [2m | [22m[2morchestrateurpayment[22m[2m | [22m [36m49.00 kB[39m[2m | [22m
[32mchunk-JCU44DVA.js[39m  [2m | [22m[2morchestrateurclient[22m [2m | [22m [36m42.35 kB[39m[2m | [22m
[32mchunk-CWZM6MLE.js[39m  [2m | [22m[2mregister[22m            [2m | [22m [36m22.39 kB[39m[2m | [22m
[32mchunk-FY25TWIB.js[39m  [2m | [22m[2minvoice-detail[22m      [2m | [22m [36m20.67 kB[39m[2m | [22m
[32mchunk-7HMHVPBA.js[39m  [2m | [22m[2mdashboard[22m           [2m | [22m [36m18.44 kB[39m[2m | [22m
[32mchunk-Y35SPY2R.js[39m  [2m | [22m[2mrecovery-stats[22m      [2m | [22m [36m15.57 kB[39m[2m | [22m
[32mchunk-FA2D4KUO.js[39m  [2m | [22m[2mtop-debtors[22m         [2m | [22m [36m15.15 kB[39m[2m | [22m
[32mchunk-DR7CK7L5.js[39m  [2m | [22m[2mlogin[22m               [2m | [22m [36m13.29 kB[39m[2m | [22m
[32mchunk-4GLWZKGC.js[39m  [2m | [22m[2mdetailsclient[22m       [2m | [22m  [36m9.19 kB[39m[2m | [22m
[32mchunk-USETEQYX.js[39m  [2m | [22m[2m-[22m                   [2m | [22m  [36m6.08 kB[39m[2m | [22m
[32mchunk-OCG2SZ5S.js[39m  [2m | [22m[2m-[22m                   [2m | [22m  [36m3.86 kB[39m[2m | [22m
[32mchunk-JVUTYYE3.js[39m  [2m | [22m[2m-[22m                   [2m | [22m  [36m1.63 kB[39m[2m | [22m
[32mchunk-C77KGGZO.js[39m  [2m | [22m[2m-[22m                   [2m | [22m  [36m1.55 kB[39m[2m | [22m
[2m...and 2 more lazy chunks files. Use "--verbose" to show all the files.[22m

Application bundle generation complete. [4.452 seconds] - 2026-05-22T12:45:37.656Z

Watch mode enabled. Watching for file changes...
NOTE: Raw file sizes do not reflect development server per-request transformations.
  [32m➜[39m  [1mLocal[22m:   [36mhttp://127.0.0.1:[1m4201[22m/[39m
